in: testdata/good.snippets

    hw
           Note: Hello, World!
