in: testdata/testListConfig

    snip1
           Note: snip1 - Note
