in: testdata/testListConfig

        Note: snip3 - Note
