in: testdata/testListConfig

    snip2/snip2.1
            Note: snip2 - Note
                  snip2 - Notes
                  snip2 - Doc
                  snip2 - Docs
                  snip2 - note
                  snip2 - notes
                  snip2 - doc
                  snip2 - docs
         Imports: snip2/xxx
         Follows: snip1
        Declares: __snip2XXX
