in: testdata/good.snippets

    subDir1/goodNoExp
           Note: Hello, UnderWorld!
